2026-09-15 20:55:38,175 INFO installing requirements, please wait...
2026-09-15 20:55:38,990 INFO requirements installed successfully!
2026-09-15 20:55:41,626 WARNING brave not found
2026-09-15 21:06:29,723 INFO installing requirements, please wait...
2026-09-15 21:06:45,163 INFO requirements installed successfully!
2026-09-15 21:06:47,257 WARNING brave not found
2026-09-15 21:06:55,751 WARNING no api key found for service 'R'. please check config.yaml
2026-09-15 21:06:55,775 INFO leninja key injected
2026-09-15 21:06:55,775 INFO no fingerprints loaded (input/fp.txt empty) - running without fingerprints
2026-09-15 21:06:59,143 INFO creating acc # 1
2026-09-15 21:07:03,777 INFO mail pulled: xw4a8o5eayq4@crowmail.sbs
2026-09-15 21:07:03,778 ERROR brave browser not found
2026-09-15 21:07:03,778 ERROR browser failed
2026-09-15 21:07:03,779 ERROR failed #1
2026-09-15 21:07:04,129 INFO results: 0 valid, 0 locked, 1 attempted in (5.0s)
2026-09-15 21:11:36,730 WARNING no api key found for service 'R'. please check config.yaml
2026-09-15 21:11:36,776 INFO leninja key injected
2026-09-15 21:11:36,776 INFO no fingerprints loaded (input/fp.txt empty) - running without fingerprints
2026-09-15 21:11:38,211 INFO creating acc # 1
2026-09-15 21:11:43,742 INFO mail pulled: tk906rm0byobb8k@crowmail.sbs
2026-09-15 21:12:17,054 INFO Waiting for verification email...
2026-09-15 21:12:41,735 INFO Opening verification link...
2026-09-15 21:12:44,770 INFO Extracting authentication token...
2026-09-15 21:12:44,849 INFO Token found, validating...
2026-09-15 21:12:44,850 WARNING Token invalid, retrying...
2026-09-15 21:12:49,862 INFO Token found, validating...
2026-09-15 21:12:50,831 WARNING Token invalid, retrying...
2026-09-15 21:12:55,845 INFO Token found, validating...
2026-09-15 21:12:56,497 WARNING Token invalid, retrying...
2026-09-15 21:13:01,512 INFO Token found, validating...
2026-09-15 21:13:02,042 WARNING Token invalid, retrying...
2026-09-15 21:13:07,067 INFO Token found, validating...
2026-09-15 21:13:07,484 WARNING Token invalid, retrying...
2026-09-15 21:13:12,503 INFO Token found, validating...
2026-09-15 21:13:12,927 WARNING Token invalid, retrying...
2026-09-15 21:13:12,928 INFO Waiting for token... (28s / 180s)
2026-09-15 21:13:17,942 INFO Token found, validating...
2026-09-15 21:13:18,376 INFO Token validated successfully
2026-09-15 21:13:18,483 INFO Verifying token...
2026-09-15 21:13:19,351 INFO Verified successfully
2026-09-15 21:13:19,351 INFO token: MTU0OTQ0NTE0OTQ1MTYyMDQ4************
2026-09-15 21:13:22,658 INFO valid
2026-09-15 21:13:23,045 INFO results: 1 valid, 0 locked, 1 attempted in (104.8s)
2026-09-15 21:17:35,790 WARNING no api key found for service 'R'. please check config.yaml
2026-09-15 21:17:35,824 INFO leninja key injected
2026-09-15 21:17:35,824 INFO no fingerprints loaded (input/fp.txt empty) - running without fingerprints
2026-09-15 21:17:40,887 INFO creating acc # 1
2026-09-15 21:17:51,012 INFO mail pulled: 3x2xxmdqkf8afcfo@crowmail.sbs
2026-09-15 21:18:10,552 INFO Waiting for verification email...
2026-09-15 21:18:32,552 INFO Opening verification link...
2026-09-15 21:18:33,480 INFO Extracting authentication token...
2026-09-15 21:18:33,536 INFO Token found, validating...
2026-09-15 21:18:33,536 WARNING Token invalid, retrying...
2026-09-15 21:18:38,555 INFO Token found, validating...
2026-09-15 21:18:39,379 WARNING Token invalid, retrying...
2026-09-15 21:18:44,397 INFO Token found, validating...
2026-09-15 21:18:45,081 WARNING Token invalid, retrying...
2026-09-15 21:18:50,099 INFO Token found, validating...
2026-09-15 21:18:50,664 INFO Token validated successfully
2026-09-15 21:18:50,771 INFO Verifying token...
2026-09-15 21:18:51,882 INFO Unlocked token was revalidated successfully
2026-09-15 21:18:51,883 INFO token: MTU0OTQ0NjY3MTY0NDA5ODY5************
2026-09-15 21:18:55,176 INFO valid
2026-09-15 21:18:55,561 INFO results: 1 valid, 0 locked, 1 attempted in (74.7s)
2026-09-15 21:28:49,726 WARNING no api key found for service 'R'. please check config.yaml
2026-09-15 21:28:49,760 INFO leninja key injected
2026-09-15 21:28:49,761 INFO no fingerprints loaded (input/fp.txt empty) - running without fingerprints
2026-09-15 21:28:53,518 INFO creating acc # 1
2026-09-15 21:29:01,097 INFO mail pulled: wnv90f7vwra3@crowmail.sbs
2026-09-15 21:29:25,074 INFO Waiting for verification email...
2026-09-15 21:30:03,645 INFO Opening verification link...
2026-09-15 21:30:04,419 INFO Extracting authentication token...
2026-09-15 21:30:04,456 INFO Token found, validating...
2026-09-15 21:30:05,053 INFO Token validated successfully
2026-09-15 21:30:05,173 INFO Verifying token...
2026-09-15 21:30:05,173 INFO Verified successfully
2026-09-15 21:30:05,174 INFO token: MTU0OTQ0OTUwNDg0NTk5NjA0************
2026-09-15 21:30:08,451 INFO valid
2026-09-15 21:54:05,785 INFO leninja key injected
2026-09-15 21:54:05,786 INFO no fingerprints loaded (input/fp.txt empty) - running without fingerprints
2026-09-15 21:54:07,890 INFO creating acc # 1
2026-09-15 21:54:09,402 ERROR mail failed
2026-09-15 21:54:09,403 ERROR failed #1
2026-09-15 22:02:05,455 INFO leninja key injected
2026-09-15 22:02:05,456 INFO no fingerprints loaded (input/fp.txt empty) - running without fingerprints
2026-09-15 22:02:07,829 INFO creating acc # 1
2026-09-15 22:02:09,539 ERROR mail failed
2026-09-15 22:02:09,539 ERROR failed #1
2026-09-15 22:02:19,552 INFO creating acc # 2
2026-09-15 22:02:20,541 ERROR mail failed
2026-09-15 22:02:20,541 ERROR failed #2
2026-09-15 22:02:30,557 INFO creating acc # 3
2026-09-15 22:02:31,321 ERROR mail failed
2026-09-15 22:02:31,322 ERROR failed #3
2026-09-15 22:05:15,662 INFO leninja key injected
2026-09-15 22:05:15,663 INFO no fingerprints loaded (input/fp.txt empty) - running without fingerprints
2026-09-15 22:05:18,226 INFO creating acc # 1
2026-09-15 22:05:19,183 ERROR Hotmail007 returned an unsupported mailbox format
2026-09-15 22:05:19,184 ERROR mail failed
2026-09-15 22:05:19,184 ERROR failed #1
2026-09-15 22:05:29,300 INFO creating acc # 2
2026-09-15 22:05:30,219 ERROR Hotmail007 returned an unsupported mailbox format
2026-09-15 22:05:30,219 ERROR mail failed
2026-09-15 22:05:30,219 ERROR failed #2
2026-09-15 22:06:53,306 INFO leninja key injected
2026-09-15 22:06:53,307 INFO no fingerprints loaded (input/fp.txt empty) - running without fingerprints
2026-09-15 22:06:55,004 INFO creating acc # 1
2026-09-15 22:06:56,061 ERROR Hotmail007 returned unsupported mailbox format (text with 38 characters)
2026-09-15 22:06:56,061 ERROR mail failed
2026-09-15 22:06:56,062 ERROR failed #1
2026-09-15 22:13:26,283 INFO leninja key injected
2026-09-15 22:13:26,284 INFO no fingerprints loaded (input/fp.txt empty) - running without fingerprints
2026-09-15 22:13:28,125 INFO creating acc # 1
2026-09-15 22:13:28,871 ERROR Hotmail007 rejected request: Unknown mail type
2026-09-15 22:13:28,872 ERROR mail failed
2026-09-15 22:13:28,872 ERROR failed #1
2026-09-15 22:14:36,921 INFO leninja key injected
2026-09-15 22:14:36,922 INFO no fingerprints loaded (input/fp.txt empty) - running without fingerprints
2026-09-15 22:14:38,711 INFO creating acc # 1
2026-09-15 22:14:39,463 ERROR Hotmail007 rejected request: Unknown mail type
2026-09-15 22:14:39,463 ERROR mail failed
2026-09-15 22:14:39,463 ERROR failed #1
2026-09-15 22:14:39,814 INFO results: 0 valid, 0 locked, 1 attempted in (1.1s)
2026-09-15 22:23:13,216 INFO leninja key injected
2026-09-15 22:23:13,217 INFO no fingerprints loaded (input/fp.txt empty) - running without fingerprints
2026-09-15 22:23:14,499 INFO creating acc # 1
2026-09-15 22:23:15,292 ERROR Hotmail007 returned unsupported mailbox format (text with 38 characters)
2026-09-15 22:23:15,292 ERROR mail failed
2026-09-15 22:23:15,293 ERROR failed #1
2026-09-15 22:23:15,648 INFO results: 0 valid, 0 locked, 1 attempted in (1.1s)
2026-09-15 22:25:50,817 INFO leninja key injected
2026-09-15 22:25:50,818 INFO no fingerprints loaded (input/fp.txt empty) - running without fingerprints
2026-09-15 22:25:53,079 INFO creating acc # 1
2026-09-15 22:25:53,883 ERROR Hotmail007 returned unsupported mailbox format (text with 35 characters)
2026-09-15 22:25:53,884 ERROR mail failed
2026-09-15 22:25:53,884 ERROR failed #1
2026-09-15 22:25:54,234 INFO results: 0 valid, 0 locked, 1 attempted in (1.2s)
2026-09-15 22:26:06,704 INFO leninja key injected
2026-09-15 22:26:06,705 INFO no fingerprints loaded (input/fp.txt empty) - running without fingerprints
2026-09-15 22:26:08,832 INFO creating acc # 1
2026-09-15 22:26:09,475 ERROR Hotmail007 returned unsupported mailbox format (text with 37 characters)
2026-09-15 22:26:09,475 ERROR mail failed
2026-09-15 22:26:09,475 ERROR failed #1
2026-09-15 22:26:09,843 INFO results: 0 valid, 0 locked, 1 attempted in (1.0s)
2026-09-15 22:27:52,585 ERROR Hotmail007 returned unsupported mailbox format (text with 39 characters)
2026-09-15 22:28:27,333 INFO leninja key injected
2026-09-15 22:28:27,334 INFO no fingerprints loaded (input/fp.txt empty) - running without fingerprints
2026-09-15 22:28:29,572 INFO creating acc # 1
2026-09-15 22:28:30,425 ERROR Hotmail007 returned unsupported mailbox format (text with 34 characters)
2026-09-15 22:28:30,426 ERROR mail failed
2026-09-15 22:28:30,426 ERROR failed #1
2026-09-15 22:28:30,783 INFO results: 0 valid, 0 locked, 1 attempted in (1.2s)
2026-09-15 22:29:53,157 INFO leninja key injected
2026-09-15 22:29:53,158 INFO no fingerprints loaded (input/fp.txt empty) - running without fingerprints
2026-09-15 22:29:54,773 INFO creating acc # 1
2026-09-15 22:29:55,580 ERROR Hotmail007 returned unsupported mailbox format (text with 37 characters; separators=[':']; field_lengths=[25, 11])
2026-09-15 22:29:55,581 ERROR mail failed
2026-09-15 22:29:55,581 ERROR failed #1
2026-09-15 22:29:55,934 INFO results: 0 valid, 0 locked, 1 attempted in (1.2s)
2026-09-15 22:32:43,514 INFO leninja key injected
2026-09-15 22:32:43,515 INFO no fingerprints loaded (input/fp.txt empty) - running without fingerprints
2026-09-15 22:32:44,913 INFO creating acc # 1
2026-09-15 22:32:45,878 INFO mail pulled: dqfebeblmo0775@hotmail.com
2026-09-15 22:33:24,842 INFO Waiting for verification email...
2026-09-15 22:33:25,687 WARNING Hotmail007 IMAP mailbox check failed: error
2026-09-15 22:33:27,378 WARNING Hotmail007 IMAP mailbox check failed: error
2026-09-15 22:33:29,413 WARNING Hotmail007 IMAP mailbox check failed: error
2026-09-15 22:33:31,071 WARNING Hotmail007 IMAP mailbox check failed: error
2026-09-15 22:33:32,848 WARNING Hotmail007 IMAP mailbox check failed: error
2026-09-15 22:33:34,538 WARNING Hotmail007 IMAP mailbox check failed: error
2026-09-15 22:33:36,155 WARNING Hotmail007 IMAP mailbox check failed: error
2026-09-15 22:33:37,769 WARNING Hotmail007 IMAP mailbox check failed: error
2026-09-15 22:33:39,494 WARNING Hotmail007 IMAP mailbox check failed: error
2026-09-15 22:33:41,388 WARNING Hotmail007 IMAP mailbox check failed: error
2026-09-15 22:33:42,991 WARNING Hotmail007 IMAP mailbox check failed: error
2026-09-15 22:33:44,834 WARNING Hotmail007 IMAP mailbox check failed: error
2026-09-15 22:33:46,429 WARNING Hotmail007 IMAP mailbox check failed: error
2026-09-15 22:33:48,269 WARNING Hotmail007 IMAP mailbox check failed: error
2026-09-15 22:33:49,906 WARNING Hotmail007 IMAP mailbox check failed: error
2026-09-15 22:33:51,709 WARNING Hotmail007 IMAP mailbox check failed: error
2026-09-15 22:33:53,304 WARNING Hotmail007 IMAP mailbox check failed: error
2026-09-15 22:33:54,988 WARNING Hotmail007 IMAP mailbox check failed: error
2026-09-15 22:33:56,483 WARNING Hotmail007 IMAP mailbox check failed: error
2026-09-15 22:33:58,118 WARNING Hotmail007 IMAP mailbox check failed: error
2026-09-15 22:33:59,702 WARNING Hotmail007 IMAP mailbox check failed: error
2026-09-15 22:34:01,737 WARNING Hotmail007 IMAP mailbox check failed: error
2026-09-15 22:34:03,461 WARNING Hotmail007 IMAP mailbox check failed: error
2026-09-15 22:34:05,054 WARNING Hotmail007 IMAP mailbox check failed: error
2026-09-15 22:34:06,559 WARNING Hotmail007 IMAP mailbox check failed: error
2026-09-15 22:34:08,071 WARNING Hotmail007 IMAP mailbox check failed: error
2026-09-15 22:34:09,988 WARNING Hotmail007 IMAP mailbox check failed: error
2026-09-15 22:34:11,637 WARNING Hotmail007 IMAP mailbox check failed: error
2026-09-15 22:34:13,468 WARNING Hotmail007 IMAP mailbox check failed: error
2026-09-15 22:34:15,852 WARNING Hotmail007 IMAP mailbox check failed: error
2026-09-15 22:34:17,929 WARNING Hotmail007 IMAP mailbox check failed: error
2026-09-15 22:34:19,549 WARNING Hotmail007 IMAP mailbox check failed: error
2026-09-15 22:34:21,435 WARNING Hotmail007 IMAP mailbox check failed: error
2026-09-15 22:34:23,234 WARNING Hotmail007 IMAP mailbox check failed: error
2026-09-15 22:34:25,229 WARNING Hotmail007 IMAP mailbox check failed: error
2026-09-15 22:34:26,997 WARNING Hotmail007 IMAP mailbox check failed: error
2026-09-15 22:34:28,696 WARNING Hotmail007 IMAP mailbox check failed: error
2026-09-15 22:34:30,399 WARNING Hotmail007 IMAP mailbox check failed: error
2026-09-15 22:34:32,167 WARNING Hotmail007 IMAP mailbox check failed: error
2026-09-15 22:34:33,909 WARNING Hotmail007 IMAP mailbox check failed: error
2026-09-15 22:34:35,461 WARNING Hotmail007 IMAP mailbox check failed: error
2026-09-15 22:34:37,171 WARNING Hotmail007 IMAP mailbox check failed: error
2026-09-15 22:34:38,830 WARNING Hotmail007 IMAP mailbox check failed: error
2026-09-15 22:34:40,430 WARNING Hotmail007 IMAP mailbox check failed: error
2026-09-15 22:34:42,159 WARNING Hotmail007 IMAP mailbox check failed: error
2026-09-15 22:34:43,677 WARNING Hotmail007 IMAP mailbox check failed: error
2026-09-15 22:34:45,311 WARNING Hotmail007 IMAP mailbox check failed: error
2026-09-15 22:34:47,047 WARNING Hotmail007 IMAP mailbox check failed: error
2026-09-15 22:34:48,591 WARNING Hotmail007 IMAP mailbox check failed: error
2026-09-15 22:34:50,253 WARNING Hotmail007 IMAP mailbox check failed: error
2026-09-15 22:34:51,451 WARNING Hotmail007 IMAP mailbox check failed: SSLError
2026-09-15 22:34:53,153 WARNING Hotmail007 IMAP mailbox check failed: error
2026-09-16 19:10:40,784 INFO leninja key injected
2026-09-16 19:10:40,785 INFO no fingerprints loaded (input/fp.txt empty) - running without fingerprints
2026-09-16 19:10:42,377 INFO creating acc # 1
2026-09-16 19:10:43,436 ERROR Hotmail007 rejected request: Authentication failed
2026-09-16 19:10:43,436 ERROR mail failed
2026-09-16 19:10:43,436 ERROR failed #1
2026-09-16 19:10:43,784 INFO results: 0 valid, 0 locked, 1 attempted in (1.4s)
